
**** FINAL 1:1 REPORT ****
NUMBER OF ENTITIES EXPECTED PER CYCLE: 100
NUMBER OF TESTS RUN: 25
SUCCESS RATIO: 0%
CPU MEAN TIME: 0.523038
CPU MAX TIME: 1.35028
TOTAL LOST SAMPLES: 672
-----------------------------

**** FINAL 1:1 REPORT ****
NUMBER OF ENTITIES EXPECTED PER CYCLE: 100
NUMBER OF TESTS RUN: 25
SUCCESS RATIO: 0%
CPU MEAN TIME: 1.09388
CPU MAX TIME: 7.41854
TOTAL LOST SAMPLES: 665
-----------------------------

**** FINAL 1:1 REPORT ****
NUMBER OF ENTITIES EXPECTED PER CYCLE: 100
NUMBER OF TESTS RUN: 25
SUCCESS RATIO: 0%
CPU MEAN TIME: 0.812364
CPU MAX TIME: 2.174
TOTAL LOST SAMPLES: 597
-----------------------------
